paddPoints {"exBudgetCPU":2919814563,"exBudgetMemory":32993,"scriptSizeBytes":46287}
pscalePoint {"exBudgetCPU":71074459,"exBudgetMemory":57852,"scriptSizeBytes":760}
pinvPoint {"exBudgetCPU":401408,"exBudgetMemory":1807,"scriptSizeBytes":1628}
ppointDouble {"exBudgetCPU":51345678,"exBudgetMemory":13309,"scriptSizeBytes":1738}
ptoPoint {"exBudgetCPU":2110393,"exBudgetMemory":2704,"scriptSizeBytes":1655}
