pecAdd {"exBudgetCPU":4997325,"exBudgetMemory":10861,"scriptSizeBytes":710}
pecScale {"exBudgetCPU":22614637,"exBudgetMemory":55824,"scriptSizeBytes":783}
pecInvert {"exBudgetCPU":359408,"exBudgetMemory":1707,"scriptSizeBytes":116}
pecDouble {"exBudgetCPU":4816986,"exBudgetMemory":10794,"scriptSizeBytes":230}
ptoPoint {"exBudgetCPU":715630,"exBudgetMemory":2704,"scriptSizeBytes":143}
ptryFrom {"exBudgetCPU":5066257,"exBudgetMemory":22397,"scriptSizeBytes":527}
