pd2Zero {"exBudgetCPU":48100,"exBudgetMemory":400,"scriptSizeBytes":11}
pd2One {"exBudgetCPU":48100,"exBudgetMemory":400,"scriptSizeBytes":11}
plus {"exBudgetCPU":16100,"exBudgetMemory":200,"scriptSizeBytes":285}
pscalePositive {"exBudgetCPU":64100,"exBudgetMemory":500,"scriptSizeBytes":141}
pscaleNatural {"exBudgetCPU":64100,"exBudgetMemory":500,"scriptSizeBytes":141}
pscaleInteger positive {"exBudgetCPU":64100,"exBudgetMemory":500,"scriptSizeBytes":141}
pd2Square {"exBudgetCPU":16100,"exBudgetMemory":200,"scriptSizeBytes":153}
