pd2Zero program 1.1.0 (constr 0 [0, 0])
pd2One program 1.1.0 (constr 0 [1, 0])
plus, indirect program
  1.1.0
  ((\!0 ->
      (\!0 ->
         (\!0 ->
            !1
              210376779596211732650976195571664894267136748213618989494152113586253566593624531619833961354732667750799666970414
              841507118384846930603904782286659577068546992854475957976608454345014266374498126479335845418930671003198667881656)
           (\!0 !0 ->
              (\!0 ->
                 (\!0 ->
                    !1
                      210376779596211732650976195571664894267136748213618989494152113586253566593624531619833961354732667750799666970414
                      841507118384846930603904782286659577068546992854475957976608454345014266374498126479335845418930671003198667881656)
                   (\!0 !0 ->
                      !3
                        (addInteger
                           (multiplyInteger !2 !2)
                           (multiplyInteger
                              4002409555221667393417789825735904156556882819939007885332058136124031650490837864442687629129015664037894272559786
                              (multiplyInteger !1 !1)))
                        (multiplyInteger 2 (multiplyInteger !2 !1))))
                (\!0 !0 -> !5 (addInteger !4 !2) (addInteger !3 !1))))
        (\!0 !0 ->
           (\!0 -> (\!0 -> constr 0 [!2, !1]) (modInteger !2 !4))
             (modInteger !2 !3)))
     4002409555221667393417789825735904156556882819939007885332058136124031650490837864442687629129015664037894272559787)
plus, direct program
  1.1.0
  ((\!0 ->
      case
        (case
           (constr 0
              [ 210376779596211732650976195571664894267136748213618989494152113586253566593624531619833961354732667750799666970414
              , 841507118384846930603904782286659577068546992854475957976608454345014266374498126479335845418930671003198667881656 ])
           [ (\!0 !0 ->
                case
                  (constr 0
                     [ 2834243209701717545832999278827166814792512723388262365586442357508094373111659870050123080295580930718214170861995297765957587076268202899932576598990789516906848867824440530892755114825430563901635825883866850833682513507142470293933406052633131793021298505315935377790730104984511176440111421342706906024234187682326331008020577615692791492
                     , 354067115146184393517691492886087702203741679628814217996841828355511286037152463835976165858528280522070036940003973443656518418787401181313954340449371762639795349508240737552260601359246502179079341293412409284568841210651168 ])
                  [ (\!0 !0 ->
                       (\!0 -> (\!0 -> constr 0 [!2, !1]) (addInteger !4 !2))
                         (addInteger !4 !2)) ]) ])
        [ (\!0 !0 ->
             (\!0 -> (\!0 -> constr 0 [!2, !1]) (modInteger !2 !4))
               (modInteger !2 !3)) ])
     4002409555221667393417789825735904156556882819939007885332058136124031650490837864442687629129015664037894272559787)
pscalePositive, indirect program
  1.1.0
  ((\!0 ->
      (\!0 ->
         (\!0 ->
            (\!0 ->
               !1
                 210376779596211732650976195571664894267136748213618989494152113586253566593624531619833961354732667750799666970414
                 841507118384846930603904782286659577068546992854475957976608454345014266374498126479335845418930671003198667881656)
              (\!0 !0 -> !3 (multiplyInteger !2 !4) (multiplyInteger !1 !4)))
           (\!0 !0 ->
              (\!0 -> (\!0 -> constr 0 [!2, !1]) (modInteger !2 !5))
                (modInteger !2 !4)))
        700)
     4002409555221667393417789825735904156556882819939007885332058136124031650490837864442687629129015664037894272559787)
pscalePositive, direct program
  1.1.0
  ((\!0 ->
      (\!0 ->
         case
           (case
              (constr 0
                 [ 210376779596211732650976195571664894267136748213618989494152113586253566593624531619833961354732667750799666970414
                 , 841507118384846930603904782286659577068546992854475957976608454345014266374498126479335845418930671003198667881656 ])
              [ (\!0 !0 ->
                   (\!0 -> (\!0 -> constr 0 [!2, !1]) (multiplyInteger !2 !5))
                     (multiplyInteger !2 !4)) ])
           [ (\!0 !0 ->
                (\!0 -> (\!0 -> constr 0 [!2, !1]) (modInteger !2 !4))
                  (modInteger !2 !3)) ])
        4002409555221667393417789825735904156556882819939007885332058136124031650490837864442687629129015664037894272559787)
     700)
pscaleNatural, indirect program
  1.1.0
  ((\!0 ->
      (\!0 ->
         (\!0 ->
            (\!0 ->
               !1
                 210376779596211732650976195571664894267136748213618989494152113586253566593624531619833961354732667750799666970414
                 841507118384846930603904782286659577068546992854475957976608454345014266374498126479335845418930671003198667881656)
              (\!0 !0 -> !3 (multiplyInteger !2 !4) (multiplyInteger !1 !4)))
           (\!0 !0 ->
              (\!0 -> (\!0 -> constr 0 [!2, !1]) (modInteger !2 !5))
                (modInteger !2 !4)))
        700)
     4002409555221667393417789825735904156556882819939007885332058136124031650490837864442687629129015664037894272559787)
pscaleNatural, direct program
  1.1.0
  ((\!0 ->
      (\!0 ->
         case
           (case
              (constr 0
                 [ 210376779596211732650976195571664894267136748213618989494152113586253566593624531619833961354732667750799666970414
                 , 841507118384846930603904782286659577068546992854475957976608454345014266374498126479335845418930671003198667881656 ])
              [ (\!0 !0 ->
                   (\!0 -> (\!0 -> constr 0 [!2, !1]) (multiplyInteger !2 !5))
                     (multiplyInteger !2 !4)) ])
           [ (\!0 !0 ->
                (\!0 -> (\!0 -> constr 0 [!2, !1]) (modInteger !2 !4))
                  (modInteger !2 !3)) ])
        4002409555221667393417789825735904156556882819939007885332058136124031650490837864442687629129015664037894272559787)
     700)
pscaleInteger positive, indirect program
  1.1.0
  ((\!0 ->
      (\!0 ->
         (\!0 ->
            (\!0 ->
               !1
                 210376779596211732650976195571664894267136748213618989494152113586253566593624531619833961354732667750799666970414
                 841507118384846930603904782286659577068546992854475957976608454345014266374498126479335845418930671003198667881656)
              (\!0 !0 -> !3 (multiplyInteger !2 !4) (multiplyInteger !1 !4)))
           (\!0 !0 ->
              (\!0 -> (\!0 -> constr 0 [!2, !1]) (modInteger !2 !5))
                (modInteger !2 !4)))
        700)
     4002409555221667393417789825735904156556882819939007885332058136124031650490837864442687629129015664037894272559787)
pscaleInteger positive, direct program
  1.1.0
  ((\!0 ->
      (\!0 ->
         case
           (case
              (constr 0
                 [ 210376779596211732650976195571664894267136748213618989494152113586253566593624531619833961354732667750799666970414
                 , 841507118384846930603904782286659577068546992854475957976608454345014266374498126479335845418930671003198667881656 ])
              [ (\!0 !0 ->
                   (\!0 -> (\!0 -> constr 0 [!2, !1]) (multiplyInteger !2 !5))
                     (multiplyInteger !2 !4)) ])
           [ (\!0 !0 ->
                (\!0 -> (\!0 -> constr 0 [!2, !1]) (modInteger !2 !4))
                  (modInteger !2 !3)) ])
        4002409555221667393417789825735904156556882819939007885332058136124031650490837864442687629129015664037894272559787)
     700)
pscaleInteger negative, indirect program
  1.1.0
  ((\!0 ->
      (\!0 ->
         (\!0 ->
            (\!0 ->
               (\!0 ->
                  !1
                    210376779596211732650976195571664894267136748213618989494152113586253566593624531619833961354732667750799666970414
                    841507118384846930603904782286659577068546992854475957976608454345014266374498126479335845418930671003198667881656)
                 (\!0 !0 ->
                    !3
                      (multiplyInteger !2 (!4 !5))
                      (multiplyInteger !1 (!4 !5))))
              (\!0 !0 ->
                 (\!0 -> (\!0 -> constr 0 [!2, !1]) (modInteger !2 !6))
                   (modInteger !2 !5)))
           (\!0 -> subtractInteger 0 !1))
        700)
     4002409555221667393417789825735904156556882819939007885332058136124031650490837864442687629129015664037894272559787)
pscaleInteger negative, direct program
  1.1.0
  ((\!0 ->
      (\!0 ->
         (\!0 ->
            case
              (case
                 (constr 0
                    [ 210376779596211732650976195571664894267136748213618989494152113586253566593624531619833961354732667750799666970414
                    , 841507118384846930603904782286659577068546992854475957976608454345014266374498126479335845418930671003198667881656 ])
                 [ (\!0 !0 ->
                      (\!0 ->
                         (\!0 -> constr 0 [!2, !1])
                           (multiplyInteger !2 (!5 !6)))
                        (multiplyInteger !2 (!4 !5))) ])
              [ (\!0 !0 ->
                   (\!0 -> (\!0 -> constr 0 [!2, !1]) (modInteger !2 !4))
                     (modInteger !2 !3)) ])
           4002409555221667393417789825735904156556882819939007885332058136124031650490837864442687629129015664037894272559787)
        (\!0 -> subtractInteger 0 !1))
     700)
ppowPositive, indirect program
  1.1.0
  ((\!0 ->
      case
        (constr 0
           [ (\!0 !0 ->
                case
                  (lessThanEqualsInteger !1 1)
                  [ ((\!0 ->
                        case
                          (remainderInteger !2 2)
                          [ !1
                          , (\!0 !0 !0 ->
                               (\!0 ->
                                  !1
                                    210376779596211732650976195571664894267136748213618989494152113586253566593624531619833961354732667750799666970414
                                    841507118384846930603904782286659577068546992854475957976608454345014266374498126479335845418930671003198667881656)
                                 (\!0 !0 ->
                                    case
                                      (constr 0
                                         [ !5
                                         , !4
                                         , (\!0 !0 ->
                                              !5
                                                (addInteger
                                                   (multiplyInteger !4 !2)
                                                   (multiplyInteger
                                                      !7
                                                      (multiplyInteger !3 !1)))
                                                (addInteger
                                                   (multiplyInteger !4 !1)
                                                   (multiplyInteger !2 !3))) ])
                                      [!6])) ])
                       (\!0 !0 !0 ->
                          case
                            (constr 0
                               [ !5
                               , (quotientInteger !4 2)
                               , !3
                               , !2
                               , (\!0 !0 ->
                                    !3
                                      (addInteger
                                         (multiplyInteger !2 !2)
                                         (multiplyInteger
                                            !5
                                            (multiplyInteger !1 !1)))
                                      (multiplyInteger
                                         2
                                         (multiplyInteger !2 !1))) ])
                            [!5]))
                  , (\!0 !0 !0 ->
                       !1
                         210376779596211732650976195571664894267136748213618989494152113586253566593624531619833961354732667750799666970414
                         841507118384846930603904782286659577068546992854475957976608454345014266374498126479335845418930671003198667881656) ])
           , 70
           , 4002409555221667393417789825735904156556882819939007885332058136124031650490837864442687629129015664037894272559786
           , !1
           , (\!0 !0 ->
                (\!0 -> (\!0 -> constr 0 [!2, !1]) (modInteger !2 !4))
                  (modInteger !2 !3)) ])
        [(\!0 -> !1 !1)])
     4002409555221667393417789825735904156556882819939007885332058136124031650490837864442687629129015664037894272559787)
ppowPositive, direct program
  1.1.0
  ((\!0 ->
      (\!0 ->
         (\!0 ->
            case
              (case
                 (equalsInteger 70 0)
                 [ (case
                      (lessThanEqualsInteger 70 (!3 1))
                      [ (case
                           (constr 0
                              [ 4002409555221667393417789825735904156556882819939007885332058136124031650490837864442687629129015664037894272559786
                              , (constr 0
                                   [ 210376779596211732650976195571664894267136748213618989494152113586253566593624531619833961354732667750799666970414
                                   , 841507118384846930603904782286659577068546992854475957976608454345014266374498126479335845418930671003198667881656 ])
                              , 70 ])
                           [!2])
                      , ((\!0 ->
                            case
                              !1
                              [ (\!0 !0 ->
                                   (\!0 ->
                                      (\!0 ->
                                         (\!0 -> constr 0 [!2, !1])
                                           (!8 (multiplyInteger !3 !2)))
                                        (multiplyInteger !3 !1))
                                     (case
                                        (constr 0
                                           [ (subtractInteger
                                                (multiplyInteger !2 !2)
                                                (multiplyInteger
                                                   4002409555221667393417789825735904156556882819939007885332058136124031650490837864442687629129015664037894272559786
                                                   (multiplyInteger !1 !1)))
                                           , (!6 1)
                                           , !4 ])
                                        [expModInteger])) ])
                           (case
                              (constr 0
                                 [ 4002409555221667393417789825735904156556882819939007885332058136124031650490837864442687629129015664037894272559786
                                 , (constr 0
                                      [ 210376779596211732650976195571664894267136748213618989494152113586253566593624531619833961354732667750799666970414
                                      , 841507118384846930603904782286659577068546992854475957976608454345014266374498126479335845418930671003198667881656 ])
                                 , (!3 70) ])
                              [!2])) ])
                 , (constr 0 [1, 0]) ])
              [ (\!0 !0 ->
                   (\!0 -> (\!0 -> constr 0 [!2, !1]) (modInteger !2 !4))
                     (modInteger !2 !3)) ])
           4002409555221667393417789825735904156556882819939007885332058136124031650490837864442687629129015664037894272559787)
        ((\!0 -> !1 !1)
           (\!0 !0 !0 !0 ->
              case
                (lessThanEqualsInteger !1 1)
                [ ((\!0 ->
                      case
                        (remainderInteger !2 2)
                        [ !1
                        , (case
                             !3
                             [ (\!0 !0 ->
                                  case
                                    !3
                                    [ (\!0 !0 ->
                                         (\!0 ->
                                            (\!0 -> constr 0 [!2, !1])
                                              (addInteger
                                                 (multiplyInteger !5 !2)
                                                 (multiplyInteger !3 !4)))
                                           (addInteger
                                              (multiplyInteger !4 !2)
                                              (multiplyInteger
                                                 !8
                                                 (multiplyInteger
                                                    !3
                                                    !1)))) ]) ]) ])
                     (case
                        (case
                           (constr 0 [!4, !3, !2, (quotientInteger !1 2)])
                           [!4])
                        [ (\!0 !0 ->
                             (\!0 ->
                                (\!0 -> constr 0 [!2, !1])
                                  (multiplyInteger 2 (multiplyInteger !3 !2)))
                               (addInteger
                                  (multiplyInteger !2 !2)
                                  (multiplyInteger
                                     !5
                                     (multiplyInteger !1 !1)))) ]))
                , !2 ])))
     (\!0 -> subtractInteger 0 !1))
ppowNatural, indirect program
  1.1.0
  ((\!0 ->
      case
        (constr 0
           [ 4002409555221667393417789825735904156556882819939007885332058136124031650490837864442687629129015664037894272559786
           , !1
           , (\!0 !0 ->
                (\!0 -> (\!0 -> constr 0 [!2, !1]) (modInteger !2 !4))
                  (modInteger !2 !3)) ])
        [ (case
             (equalsInteger 70 0)
             [ ((\!0 -> !1 !1)
                  (\!0 !0 ->
                     case
                       (lessThanEqualsInteger !1 1)
                       [ ((\!0 ->
                             case
                               (remainderInteger !2 2)
                               [ !1
                               , (\!0 !0 !0 ->
                                    (\!0 ->
                                       !1
                                         210376779596211732650976195571664894267136748213618989494152113586253566593624531619833961354732667750799666970414
                                         841507118384846930603904782286659577068546992854475957976608454345014266374498126479335845418930671003198667881656)
                                      (\!0 !0 ->
                                         case
                                           (constr 0
                                              [ !5
                                              , !4
                                              , (\!0 !0 ->
                                                   !5
                                                     (addInteger
                                                        (multiplyInteger !4 !2)
                                                        (multiplyInteger
                                                           !7
                                                           (multiplyInteger
                                                              !3
                                                              !1)))
                                                     (addInteger
                                                        (multiplyInteger !4 !1)
                                                        (multiplyInteger
                                                           !2
                                                           !3))) ])
                                           [!6])) ])
                            (\!0 !0 !0 ->
                               case
                                 (constr 0
                                    [ !5
                                    , (quotientInteger !4 2)
                                    , !3
                                    , !2
                                    , (\!0 !0 ->
                                         !3
                                           (addInteger
                                              (multiplyInteger !2 !2)
                                              (multiplyInteger
                                                 !5
                                                 (multiplyInteger !1 !1)))
                                           (multiplyInteger
                                              2
                                              (multiplyInteger !2 !1))) ])
                                 [!5]))
                       , (\!0 !0 !0 ->
                            !1
                              210376779596211732650976195571664894267136748213618989494152113586253566593624531619833961354732667750799666970414
                              841507118384846930603904782286659577068546992854475957976608454345014266374498126479335845418930671003198667881656) ])
                  70)
             , (\!0 !0 !0 -> !1 1 0) ]) ])
     4002409555221667393417789825735904156556882819939007885332058136124031650490837864442687629129015664037894272559787)
ppowNatural, direct program
  1.1.0
  ((\!0 ->
      (\!0 ->
         (\!0 ->
            case
              (case
                 (equalsInteger 70 0)
                 [ (case
                      (lessThanEqualsInteger 70 (!3 1))
                      [ (case
                           (constr 0
                              [ 4002409555221667393417789825735904156556882819939007885332058136124031650490837864442687629129015664037894272559786
                              , (constr 0
                                   [ 210376779596211732650976195571664894267136748213618989494152113586253566593624531619833961354732667750799666970414
                                   , 841507118384846930603904782286659577068546992854475957976608454345014266374498126479335845418930671003198667881656 ])
                              , 70 ])
                           [!2])
                      , ((\!0 ->
                            case
                              !1
                              [ (\!0 !0 ->
                                   (\!0 ->
                                      (\!0 ->
                                         (\!0 -> constr 0 [!2, !1])
                                           (!8 (multiplyInteger !3 !2)))
                                        (multiplyInteger !3 !1))
                                     (case
                                        (constr 0
                                           [ (subtractInteger
                                                (multiplyInteger !2 !2)
                                                (multiplyInteger
                                                   4002409555221667393417789825735904156556882819939007885332058136124031650490837864442687629129015664037894272559786
                                                   (multiplyInteger !1 !1)))
                                           , (!6 1)
                                           , !4 ])
                                        [expModInteger])) ])
                           (case
                              (constr 0
                                 [ 4002409555221667393417789825735904156556882819939007885332058136124031650490837864442687629129015664037894272559786
                                 , (constr 0
                                      [ 210376779596211732650976195571664894267136748213618989494152113586253566593624531619833961354732667750799666970414
                                      , 841507118384846930603904782286659577068546992854475957976608454345014266374498126479335845418930671003198667881656 ])
                                 , (!3 70) ])
                              [!2])) ])
                 , (constr 0 [1, 0]) ])
              [ (\!0 !0 ->
                   (\!0 -> (\!0 -> constr 0 [!2, !1]) (modInteger !2 !4))
                     (modInteger !2 !3)) ])
           4002409555221667393417789825735904156556882819939007885332058136124031650490837864442687629129015664037894272559787)
        ((\!0 -> !1 !1)
           (\!0 !0 !0 !0 ->
              case
                (lessThanEqualsInteger !1 1)
                [ ((\!0 ->
                      case
                        (remainderInteger !2 2)
                        [ !1
                        , (case
                             !3
                             [ (\!0 !0 ->
                                  case
                                    !3
                                    [ (\!0 !0 ->
                                         (\!0 ->
                                            (\!0 -> constr 0 [!2, !1])
                                              (addInteger
                                                 (multiplyInteger !5 !2)
                                                 (multiplyInteger !3 !4)))
                                           (addInteger
                                              (multiplyInteger !4 !2)
                                              (multiplyInteger
                                                 !8
                                                 (multiplyInteger
                                                    !3
                                                    !1)))) ]) ]) ])
                     (case
                        (case
                           (constr 0 [!4, !3, !2, (quotientInteger !1 2)])
                           [!4])
                        [ (\!0 !0 ->
                             (\!0 ->
                                (\!0 -> constr 0 [!2, !1])
                                  (multiplyInteger 2 (multiplyInteger !3 !2)))
                               (addInteger
                                  (multiplyInteger !2 !2)
                                  (multiplyInteger
                                     !5
                                     (multiplyInteger !1 !1)))) ]))
                , !2 ])))
     (\!0 -> subtractInteger 0 !1))
pd2Pow positive, indirect program
  1.1.0
  ((\!0 ->
      (\!0 ->
         case
           (constr 0
              [ 4002409555221667393417789825735904156556882819939007885332058136124031650490837864442687629129015664037894272559786
              , !2
              , (\!0 !0 ->
                   (\!0 -> (\!0 -> constr 0 [!2, !1]) (modInteger !2 !5))
                     (modInteger !2 !4)) ])
           [ (case
                (lessThanEqualsInteger 70 (!1 1))
                [ (case
                     (equalsInteger 70 0)
                     [ ((\!0 -> !1 !1)
                          (\!0 !0 ->
                             case
                               (lessThanEqualsInteger !1 1)
                               [ ((\!0 ->
                                     case
                                       (remainderInteger !2 2)
                                       [ !1
                                       , (\!0 !0 !0 ->
                                            (\!0 ->
                                               !1
                                                 210376779596211732650976195571664894267136748213618989494152113586253566593624531619833961354732667750799666970414
                                                 841507118384846930603904782286659577068546992854475957976608454345014266374498126479335845418930671003198667881656)
                                              (\!0 !0 ->
                                                 case
                                                   (constr 0
                                                      [ !5
                                                      , !4
                                                      , (\!0 !0 ->
                                                           !5
                                                             (addInteger
                                                                (multiplyInteger
                                                                   !4
                                                                   !2)
                                                                (multiplyInteger
                                                                   !7
                                                                   (multiplyInteger
                                                                      !3
                                                                      !1)))
                                                             (addInteger
                                                                (multiplyInteger
                                                                   !4
                                                                   !1)
                                                                (multiplyInteger
                                                                   !2
                                                                   !3))) ])
                                                   [!6])) ])
                                    (\!0 !0 !0 ->
                                       case
                                         (constr 0
                                            [ !5
                                            , (quotientInteger !4 2)
                                            , !3
                                            , !2
                                            , (\!0 !0 ->
                                                 !3
                                                   (addInteger
                                                      (multiplyInteger !2 !2)
                                                      (multiplyInteger
                                                         !5
                                                         (multiplyInteger
                                                            !1
                                                            !1)))
                                                   (multiplyInteger
                                                      2
                                                      (multiplyInteger
                                                         !2
                                                         !1))) ])
                                         [!5]))
                               , (\!0 !0 !0 ->
                                    !1
                                      210376779596211732650976195571664894267136748213618989494152113586253566593624531619833961354732667750799666970414
                                      841507118384846930603904782286659577068546992854475957976608454345014266374498126479335845418930671003198667881656) ])
                          70)
                     , (\!0 !0 !0 -> !1 1 0) ])
                , (\!0 !0 !0 ->
                     case
                       (constr 0
                          [ (!4 70)
                          , !3
                          , !2
                          , (\!0 !0 ->
                               (\!0 ->
                                  !4
                                    (multiplyInteger !3 !1)
                                    (!7 (multiplyInteger !2 !1)))
                                 (case
                                    (constr 0
                                       [ (subtractInteger
                                            (multiplyInteger !2 !2)
                                            (multiplyInteger
                                               !5
                                               (multiplyInteger !1 !1)))
                                       , (!6 1)
                                       , !4 ])
                                    [expModInteger])) ])
                       [ (\!0 ->
                            case
                              (equalsInteger !1 0)
                              [ ((\!0 -> !1 !1)
                                   (\!0 !0 ->
                                      case
                                        (lessThanEqualsInteger !1 1)
                                        [ ((\!0 ->
                                              case
                                                (remainderInteger !2 2)
                                                [ !1
                                                , (\!0 !0 !0 ->
                                                     (\!0 ->
                                                        !1
                                                          210376779596211732650976195571664894267136748213618989494152113586253566593624531619833961354732667750799666970414
                                                          841507118384846930603904782286659577068546992854475957976608454345014266374498126479335845418930671003198667881656)
                                                       (\!0 !0 ->
                                                          case
                                                            (constr 0
                                                               [ !5
                                                               , !4
                                                               , (\!0 !0 ->
                                                                    !5
                                                                      (addInteger
                                                                         (multiplyInteger
                                                                            !4
                                                                            !2)
                                                                         (multiplyInteger
                                                                            !7
                                                                            (multiplyInteger
                                                                               !3
                                                                               !1)))
                                                                      (addInteger
                                                                         (multiplyInteger
                                                                            !4
                                                                            !1)
                                                                         (multiplyInteger
                                                                            !2
                                                                            !3))) ])
                                                            [!6])) ])
                                             (\!0 !0 !0 ->
                                                case
                                                  (constr 0
                                                     [ !5
                                                     , (quotientInteger !4 2)
                                                     , !3
                                                     , !2
                                                     , (\!0 !0 ->
                                                          !3
                                                            (addInteger
                                                               (multiplyInteger
                                                                  !2
                                                                  !2)
                                                               (multiplyInteger
                                                                  !5
                                                                  (multiplyInteger
                                                                     !1
                                                                     !1)))
                                                            (multiplyInteger
                                                               2
                                                               (multiplyInteger
                                                                  !2
                                                                  !1))) ])
                                                  [!5]))
                                        , (\!0 !0 !0 ->
                                             !1
                                               210376779596211732650976195571664894267136748213618989494152113586253566593624531619833961354732667750799666970414
                                               841507118384846930603904782286659577068546992854475957976608454345014266374498126479335845418930671003198667881656) ])
                                   !1)
                              , (\!0 !0 !0 -> !1 1 0) ]) ]) ]) ])
        (\!0 -> subtractInteger 0 !1))
     4002409555221667393417789825735904156556882819939007885332058136124031650490837864442687629129015664037894272559787)
pd2Pow positive, direct program
  1.1.0
  ((\!0 ->
      (\!0 ->
         (\!0 ->
            case
              (case
                 (equalsInteger 70 0)
                 [ (case
                      (lessThanEqualsInteger 70 (!3 1))
                      [ (case
                           (constr 0
                              [ 4002409555221667393417789825735904156556882819939007885332058136124031650490837864442687629129015664037894272559786
                              , (constr 0
                                   [ 210376779596211732650976195571664894267136748213618989494152113586253566593624531619833961354732667750799666970414
                                   , 841507118384846930603904782286659577068546992854475957976608454345014266374498126479335845418930671003198667881656 ])
                              , 70 ])
                           [!2])
                      , ((\!0 ->
                            case
                              !1
                              [ (\!0 !0 ->
                                   (\!0 ->
                                      (\!0 ->
                                         (\!0 -> constr 0 [!2, !1])
                                           (!8 (multiplyInteger !3 !2)))
                                        (multiplyInteger !3 !1))
                                     (case
                                        (constr 0
                                           [ (subtractInteger
                                                (multiplyInteger !2 !2)
                                                (multiplyInteger
                                                   4002409555221667393417789825735904156556882819939007885332058136124031650490837864442687629129015664037894272559786
                                                   (multiplyInteger !1 !1)))
                                           , (!6 1)
                                           , !4 ])
                                        [expModInteger])) ])
                           (case
                              (constr 0
                                 [ 4002409555221667393417789825735904156556882819939007885332058136124031650490837864442687629129015664037894272559786
                                 , (constr 0
                                      [ 210376779596211732650976195571664894267136748213618989494152113586253566593624531619833961354732667750799666970414
                                      , 841507118384846930603904782286659577068546992854475957976608454345014266374498126479335845418930671003198667881656 ])
                                 , (!3 70) ])
                              [!2])) ])
                 , (constr 0 [1, 0]) ])
              [ (\!0 !0 ->
                   (\!0 -> (\!0 -> constr 0 [!2, !1]) (modInteger !2 !4))
                     (modInteger !2 !3)) ])
           4002409555221667393417789825735904156556882819939007885332058136124031650490837864442687629129015664037894272559787)
        ((\!0 -> !1 !1)
           (\!0 !0 !0 !0 ->
              case
                (lessThanEqualsInteger !1 1)
                [ ((\!0 ->
                      case
                        (remainderInteger !2 2)
                        [ !1
                        , (case
                             !3
                             [ (\!0 !0 ->
                                  case
                                    !3
                                    [ (\!0 !0 ->
                                         (\!0 ->
                                            (\!0 -> constr 0 [!2, !1])
                                              (addInteger
                                                 (multiplyInteger !5 !2)
                                                 (multiplyInteger !3 !4)))
                                           (addInteger
                                              (multiplyInteger !4 !2)
                                              (multiplyInteger
                                                 !8
                                                 (multiplyInteger
                                                    !3
                                                    !1)))) ]) ]) ])
                     (case
                        (case
                           (constr 0 [!4, !3, !2, (quotientInteger !1 2)])
                           [!4])
                        [ (\!0 !0 ->
                             (\!0 ->
                                (\!0 -> constr 0 [!2, !1])
                                  (multiplyInteger 2 (multiplyInteger !3 !2)))
                               (addInteger
                                  (multiplyInteger !2 !2)
                                  (multiplyInteger
                                     !5
                                     (multiplyInteger !1 !1)))) ]))
                , !2 ])))
     (\!0 -> subtractInteger 0 !1))
pd2Pow negative, indirect program
  1.1.0
  ((\!0 ->
      (\!0 ->
         case
           (constr 0
              [ 4002409555221667393417789825735904156556882819939007885332058136124031650490837864442687629129015664037894272559786
              , !2
              , (\!0 !0 ->
                   (\!0 -> (\!0 -> constr 0 [!2, !1]) (modInteger !2 !5))
                     (modInteger !2 !4)) ])
           [ (case
                (lessThanEqualsInteger (!1 70) (!1 1))
                [ ((\!0 ->
                      case
                        (equalsInteger !1 0)
                        [ ((\!0 -> !1 !1)
                             (\!0 !0 ->
                                case
                                  (lessThanEqualsInteger !1 1)
                                  [ ((\!0 ->
                                        case
                                          (remainderInteger !2 2)
                                          [ !1
                                          , (\!0 !0 !0 ->
                                               (\!0 ->
                                                  !1
                                                    210376779596211732650976195571664894267136748213618989494152113586253566593624531619833961354732667750799666970414
                                                    841507118384846930603904782286659577068546992854475957976608454345014266374498126479335845418930671003198667881656)
                                                 (\!0 !0 ->
                                                    case
                                                      (constr 0
                                                         [ !5
                                                         , !4
                                                         , (\!0 !0 ->
                                                              !5
                                                                (addInteger
                                                                   (multiplyInteger
                                                                      !4
                                                                      !2)
                                                                   (multiplyInteger
                                                                      !7
                                                                      (multiplyInteger
                                                                         !3
                                                                         !1)))
                                                                (addInteger
                                                                   (multiplyInteger
                                                                      !4
                                                                      !1)
                                                                   (multiplyInteger
                                                                      !2
                                                                      !3))) ])
                                                      [!6])) ])
                                       (\!0 !0 !0 ->
                                          case
                                            (constr 0
                                               [ !5
                                               , (quotientInteger !4 2)
                                               , !3
                                               , !2
                                               , (\!0 !0 ->
                                                    !3
                                                      (addInteger
                                                         (multiplyInteger !2 !2)
                                                         (multiplyInteger
                                                            !5
                                                            (multiplyInteger
                                                               !1
                                                               !1)))
                                                      (multiplyInteger
                                                         2
                                                         (multiplyInteger
                                                            !2
                                                            !1))) ])
                                            [!5]))
                                  , (\!0 !0 !0 ->
                                       !1
                                         210376779596211732650976195571664894267136748213618989494152113586253566593624531619833961354732667750799666970414
                                         841507118384846930603904782286659577068546992854475957976608454345014266374498126479335845418930671003198667881656) ])
                             !1)
                        , (\!0 !0 !0 -> !1 1 0) ])
                     (!1 70))
                , (\!0 !0 !0 ->
                     case
                       (constr 0
                          [ (!4 (!4 70))
                          , !3
                          , !2
                          , (\!0 !0 ->
                               (\!0 ->
                                  !4
                                    (multiplyInteger !3 !1)
                                    (!7 (multiplyInteger !2 !1)))
                                 (case
                                    (constr 0
                                       [ (subtractInteger
                                            (multiplyInteger !2 !2)
                                            (multiplyInteger
                                               !5
                                               (multiplyInteger !1 !1)))
                                       , (!6 1)
                                       , !4 ])
                                    [expModInteger])) ])
                       [ (\!0 ->
                            case
                              (equalsInteger !1 0)
                              [ ((\!0 -> !1 !1)
                                   (\!0 !0 ->
                                      case
                                        (lessThanEqualsInteger !1 1)
                                        [ ((\!0 ->
                                              case
                                                (remainderInteger !2 2)
                                                [ !1
                                                , (\!0 !0 !0 ->
                                                     (\!0 ->
                                                        !1
                                                          210376779596211732650976195571664894267136748213618989494152113586253566593624531619833961354732667750799666970414
                                                          841507118384846930603904782286659577068546992854475957976608454345014266374498126479335845418930671003198667881656)
                                                       (\!0 !0 ->
                                                          case
                                                            (constr 0
                                                               [ !5
                                                               , !4
                                                               , (\!0 !0 ->
                                                                    !5
                                                                      (addInteger
                                                                         (multiplyInteger
                                                                            !4
                                                                            !2)
                                                                         (multiplyInteger
                                                                            !7
                                                                            (multiplyInteger
                                                                               !3
                                                                               !1)))
                                                                      (addInteger
                                                                         (multiplyInteger
                                                                            !4
                                                                            !1)
                                                                         (multiplyInteger
                                                                            !2
                                                                            !3))) ])
                                                            [!6])) ])
                                             (\!0 !0 !0 ->
                                                case
                                                  (constr 0
                                                     [ !5
                                                     , (quotientInteger !4 2)
                                                     , !3
                                                     , !2
                                                     , (\!0 !0 ->
                                                          !3
                                                            (addInteger
                                                               (multiplyInteger
                                                                  !2
                                                                  !2)
                                                               (multiplyInteger
                                                                  !5
                                                                  (multiplyInteger
                                                                     !1
                                                                     !1)))
                                                            (multiplyInteger
                                                               2
                                                               (multiplyInteger
                                                                  !2
                                                                  !1))) ])
                                                  [!5]))
                                        , (\!0 !0 !0 ->
                                             !1
                                               210376779596211732650976195571664894267136748213618989494152113586253566593624531619833961354732667750799666970414
                                               841507118384846930603904782286659577068546992854475957976608454345014266374498126479335845418930671003198667881656) ])
                                   !1)
                              , (\!0 !0 !0 -> !1 1 0) ]) ]) ]) ])
        (\!0 -> subtractInteger 0 !1))
     4002409555221667393417789825735904156556882819939007885332058136124031650490837864442687629129015664037894272559787)
pd2Pow negative, direct program
  1.1.0
  ((\!0 ->
      (\!0 ->
         (\!0 ->
            case
              (case
                 (equalsInteger (!3 70) 0)
                 [ (case
                      (lessThanEqualsInteger (!3 70) (!3 1))
                      [ (case
                           (constr 0
                              [ 4002409555221667393417789825735904156556882819939007885332058136124031650490837864442687629129015664037894272559786
                              , (constr 0
                                   [ 210376779596211732650976195571664894267136748213618989494152113586253566593624531619833961354732667750799666970414
                                   , 841507118384846930603904782286659577068546992854475957976608454345014266374498126479335845418930671003198667881656 ])
                              , (!3 70) ])
                           [!2])
                      , ((\!0 ->
                            case
                              !1
                              [ (\!0 !0 ->
                                   (\!0 ->
                                      (\!0 ->
                                         (\!0 -> constr 0 [!2, !1])
                                           (!8 (multiplyInteger !3 !2)))
                                        (multiplyInteger !3 !1))
                                     (case
                                        (constr 0
                                           [ (subtractInteger
                                                (multiplyInteger !2 !2)
                                                (multiplyInteger
                                                   4002409555221667393417789825735904156556882819939007885332058136124031650490837864442687629129015664037894272559786
                                                   (multiplyInteger !1 !1)))
                                           , (!6 1)
                                           , !4 ])
                                        [expModInteger])) ])
                           (case
                              (constr 0
                                 [ 4002409555221667393417789825735904156556882819939007885332058136124031650490837864442687629129015664037894272559786
                                 , (constr 0
                                      [ 210376779596211732650976195571664894267136748213618989494152113586253566593624531619833961354732667750799666970414
                                      , 841507118384846930603904782286659577068546992854475957976608454345014266374498126479335845418930671003198667881656 ])
                                 , (!3 (!3 70)) ])
                              [!2])) ])
                 , (constr 0 [1, 0]) ])
              [ (\!0 !0 ->
                   (\!0 -> (\!0 -> constr 0 [!2, !1]) (modInteger !2 !4))
                     (modInteger !2 !3)) ])
           4002409555221667393417789825735904156556882819939007885332058136124031650490837864442687629129015664037894272559787)
        ((\!0 -> !1 !1)
           (\!0 !0 !0 !0 ->
              case
                (lessThanEqualsInteger !1 1)
                [ ((\!0 ->
                      case
                        (remainderInteger !2 2)
                        [ !1
                        , (case
                             !3
                             [ (\!0 !0 ->
                                  case
                                    !3
                                    [ (\!0 !0 ->
                                         (\!0 ->
                                            (\!0 -> constr 0 [!2, !1])
                                              (addInteger
                                                 (multiplyInteger !5 !2)
                                                 (multiplyInteger !3 !4)))
                                           (addInteger
                                              (multiplyInteger !4 !2)
                                              (multiplyInteger
                                                 !8
                                                 (multiplyInteger
                                                    !3
                                                    !1)))) ]) ]) ])
                     (case
                        (case
                           (constr 0 [!4, !3, !2, (quotientInteger !1 2)])
                           [!4])
                        [ (\!0 !0 ->
                             (\!0 ->
                                (\!0 -> constr 0 [!2, !1])
                                  (multiplyInteger 2 (multiplyInteger !3 !2)))
                               (addInteger
                                  (multiplyInteger !2 !2)
                                  (multiplyInteger
                                     !5
                                     (multiplyInteger !1 !1)))) ]))
                , !2 ])))
     (\!0 -> subtractInteger 0 !1))
pd2Square, indirect program
  1.1.0
  ((\!0 ->
      (\!0 ->
         (\!0 ->
            !1
              210376779596211732650976195571664894267136748213618989494152113586253566593624531619833961354732667750799666970414
              841507118384846930603904782286659577068546992854475957976608454345014266374498126479335845418930671003198667881656)
           (\!0 !0 ->
              !3
                (addInteger
                   (multiplyInteger !2 !2)
                   (multiplyInteger
                      4002409555221667393417789825735904156556882819939007885332058136124031650490837864442687629129015664037894272559786
                      (multiplyInteger !1 !1)))
                (multiplyInteger 2 (multiplyInteger !2 !1))))
        (\!0 !0 ->
           (\!0 -> (\!0 -> constr 0 [!2, !1]) (modInteger !2 !4))
             (modInteger !2 !3)))
     4002409555221667393417789825735904156556882819939007885332058136124031650490837864442687629129015664037894272559787)
pd2Square, direct program
  1.1.0
  ((\!0 ->
      case
        (case
           (constr 0
              [ 210376779596211732650976195571664894267136748213618989494152113586253566593624531619833961354732667750799666970414
              , 841507118384846930603904782286659577068546992854475957976608454345014266374498126479335845418930671003198667881656 ])
           [ (\!0 !0 ->
                (\!0 ->
                   (\!0 -> constr 0 [!2, !1])
                     (multiplyInteger 2 (multiplyInteger !3 !2)))
                  (addInteger
                     (multiplyInteger !2 !2)
                     (multiplyInteger
                        4002409555221667393417789825735904156556882819939007885332058136124031650490837864442687629129015664037894272559786
                        (multiplyInteger !1 !1)))) ])
        [ (\!0 !0 ->
             (\!0 -> (\!0 -> constr 0 [!2, !1]) (modInteger !2 !4))
               (modInteger !2 !3)) ])
     4002409555221667393417789825735904156556882819939007885332058136124031650490837864442687629129015664037894272559787)
pd2Divide, indirect program
  1.1.0
  ((\!0 ->
      (\!0 ->
         (\!0 ->
            !1
              210376779596211732650976195571664894267136748213618989494152113586253566593624531619833961354732667750799666970414
              841507118384846930603904782286659577068546992854475957976608454345014266374498126479335845418930671003198667881656)
           (\!0 !0 ->
              (\!0 ->
                 (\!0 ->
                    !1
                      210376779596211732650976195571664894267136748213618989494152113586253566593624531619833961354732667750799666970414
                      841507118384846930603904782286659577068546992854475957976608454345014266374498126479335845418930671003198667881656)
                   (\!0 !0 ->
                      (\!0 ->
                         !1
                           210376779596211732650976195571664894267136748213618989494152113586253566593624531619833961354732667750799666970414
                           841507118384846930603904782286659577068546992854475957976608454345014266374498126479335845418930671003198667881656)
                        (\!0 !0 -> !5 (addInteger !4 !2) (addInteger !3 !1))))
                (\!0 !0 ->
                   (\!0 ->
                      !6
                        (multiplyInteger
                           (subtractInteger
                              (multiplyInteger !5 !3)
                              (multiplyInteger
                                 4002409555221667393417789825735904156556882819939007885332058136124031650490837864442687629129015664037894272559786
                                 (multiplyInteger !2 !4)))
                           !1)
                        (multiplyInteger
                           (subtractInteger
                              (multiplyInteger !3 !4)
                              (multiplyInteger !5 !2))
                           !1))
                     (case
                        (constr 0
                           [ (subtractInteger
                                (multiplyInteger !2 !2)
                                (multiplyInteger
                                   4002409555221667393417789825735904156556882819939007885332058136124031650490837864442687629129015664037894272559786
                                   (multiplyInteger !1 !1)))
                           , (subtractInteger 0 1)
                           , !6 ])
                        [expModInteger]))))
        (\!0 !0 ->
           (\!0 -> (\!0 -> constr 0 [!2, !1]) (modInteger !2 !4))
             (modInteger !2 !3)))
     4002409555221667393417789825735904156556882819939007885332058136124031650490837864442687629129015664037894272559787)
pd2Divide, direct program
  1.1.0
  ((\!0 ->
      case
        (case
           (constr 0
              [ 210376779596211732650976195571664894267136748213618989494152113586253566593624531619833961354732667750799666970414
              , 841507118384846930603904782286659577068546992854475957976608454345014266374498126479335845418930671003198667881656 ])
           [ (\!0 !0 ->
                case
                  (constr 0
                     [ 420753559192423465301952391143329788534273496427237978988304227172507133187249063239667922709465335501599333940828
                     , 1683014236769693861207809564573319154137093985708951915953216908690028532748996252958671690837861342006397335763312 ])
                  [ (\!0 !0 ->
                       (\!0 ->
                          (\!0 ->
                             (\!0 -> constr 0 [!2, !1])
                               (multiplyInteger
                                  (subtractInteger
                                     (multiplyInteger !4 !5)
                                     (multiplyInteger !6 !3))
                                  !2))
                            (multiplyInteger
                               (subtractInteger
                                  (multiplyInteger !5 !3)
                                  (multiplyInteger
                                     4002409555221667393417789825735904156556882819939007885332058136124031650490837864442687629129015664037894272559786
                                     (multiplyInteger !2 !4)))
                               !1))
                         (case
                            (constr 0
                               [ (subtractInteger
                                    (multiplyInteger !2 !2)
                                    (multiplyInteger
                                       4002409555221667393417789825735904156556882819939007885332058136124031650490837864442687629129015664037894272559786
                                       (multiplyInteger !1 !1)))
                               , (subtractInteger 0 1)
                               , !5 ])
                            [expModInteger])) ]) ])
        [ (\!0 !0 ->
             (\!0 -> (\!0 -> constr 0 [!2, !1]) (modInteger !2 !4))
               (modInteger !2 !3)) ])
     4002409555221667393417789825735904156556882819939007885332058136124031650490837864442687629129015664037894272559787)
