pec2OnCurve {"exBudgetCPU":11382843,"exBudgetMemory":40068,"scriptSizeBytes":2005}
#+ (II) {"exBudgetCPU":304041139,"exBudgetMemory":320238,"scriptSizeBytes":13158}
#+ (ID) {"exBudgetCPU":146671823,"exBudgetMemory":150297,"scriptSizeBytes":12214}
pscalePositive (II) {"exBudgetCPU":400100,"exBudgetMemory":2600,"scriptSizeBytes":1355}
pscalePositive (ID) {"exBudgetCPU":400100,"exBudgetMemory":2600,"scriptSizeBytes":1231}
pnegate (II) {"exBudgetCPU":2202412,"exBudgetMemory":11538,"scriptSizeBytes":556}
pnegate (ID) {"exBudgetCPU":1978412,"exBudgetMemory":10138,"scriptSizeBytes":544}
pscaleNatural (II) {"exBudgetCPU":548433,"exBudgetMemory":3201,"scriptSizeBytes":1368}
pscaleNatural (ID) {"exBudgetCPU":548433,"exBudgetMemory":3201,"scriptSizeBytes":1245}
pscaleInteger positive (II) {"exBudgetCPU":736270,"exBudgetMemory":4102,"scriptSizeBytes":1689}
pscaleInteger positive (ID) {"exBudgetCPU":736270,"exBudgetMemory":4102,"scriptSizeBytes":1553}
pscaleInteger negative (II) {"exBudgetCPU":1258686,"exBudgetMemory":6106,"scriptSizeBytes":1688}
pscaleInteger negative (ID) {"exBudgetCPU":736270,"exBudgetMemory":4102,"scriptSizeBytes":1553}
