pd2Zero program 1.1.0 (constr 0 [0, 0])
pd2One program 1.1.0 (constr 0 [1, 0])
plus, indirect program
  1.1.0
  ((\!0 ->
      (\!0 ->
         (\!0 ->
            !1
              210376779596211732650976195571664894267136748213618989494152113586253566593624531619833961354732667750799666970414
              841507118384846930603904782286659577068546992854475957976608454345014266374498126479335845418930671003198667881656)
           (\!0 !0 ->
              (\!0 ->
                 (\!0 ->
                    !1
                      210376779596211732650976195571664894267136748213618989494152113586253566593624531619833961354732667750799666970414
                      841507118384846930603904782286659577068546992854475957976608454345014266374498126479335845418930671003198667881656)
                   (\!0 !0 ->
                      !3
                        (addInteger
                           (multiplyInteger !2 !2)
                           (multiplyInteger
                              4002409555221667393417789825735904156556882819939007885332058136124031650490837864442687629129015664037894272559786
                              (multiplyInteger !1 !1)))
                        (multiplyInteger 2 (multiplyInteger !2 !1))))
                (\!0 !0 -> !5 (addInteger !4 !2) (addInteger !3 !1))))
        (\!0 !0 ->
           (\!0 -> (\!0 -> constr 0 [!2, !1]) (modInteger !2 !4))
             (modInteger !2 !3)))
     4002409555221667393417789825735904156556882819939007885332058136124031650490837864442687629129015664037894272559787)
pscalePositive program
  1.1.0
  ((\!0 ->
      (\!0 ->
         (\!0 ->
            (\!0 ->
               !1
                 210376779596211732650976195571664894267136748213618989494152113586253566593624531619833961354732667750799666970414
                 841507118384846930603904782286659577068546992854475957976608454345014266374498126479335845418930671003198667881656)
              (\!0 !0 -> !3 (multiplyInteger !2 !4) (multiplyInteger !1 !4)))
           (\!0 !0 ->
              (\!0 -> (\!0 -> constr 0 [!2, !1]) (modInteger !2 !5))
                (modInteger !2 !4)))
        700)
     4002409555221667393417789825735904156556882819939007885332058136124031650490837864442687629129015664037894272559787)
pscaleNatural program
  1.1.0
  ((\!0 ->
      (\!0 ->
         (\!0 ->
            (\!0 ->
               !1
                 210376779596211732650976195571664894267136748213618989494152113586253566593624531619833961354732667750799666970414
                 841507118384846930603904782286659577068546992854475957976608454345014266374498126479335845418930671003198667881656)
              (\!0 !0 -> !3 (multiplyInteger !2 !4) (multiplyInteger !1 !4)))
           (\!0 !0 ->
              (\!0 -> (\!0 -> constr 0 [!2, !1]) (modInteger !2 !5))
                (modInteger !2 !4)))
        700)
     4002409555221667393417789825735904156556882819939007885332058136124031650490837864442687629129015664037894272559787)
pscaleInteger positive program
  1.1.0
  ((\!0 ->
      (\!0 ->
         (\!0 ->
            (\!0 ->
               !1
                 210376779596211732650976195571664894267136748213618989494152113586253566593624531619833961354732667750799666970414
                 841507118384846930603904782286659577068546992854475957976608454345014266374498126479335845418930671003198667881656)
              (\!0 !0 -> !3 (multiplyInteger !2 !4) (multiplyInteger !1 !4)))
           (\!0 !0 ->
              (\!0 -> (\!0 -> constr 0 [!2, !1]) (modInteger !2 !5))
                (modInteger !2 !4)))
        700)
     4002409555221667393417789825735904156556882819939007885332058136124031650490837864442687629129015664037894272559787)
pscaleInteger negative program
  1.1.0
  ((\!0 ->
      (\!0 ->
         (\!0 ->
            (\!0 ->
               (\!0 ->
                  !1
                    210376779596211732650976195571664894267136748213618989494152113586253566593624531619833961354732667750799666970414
                    841507118384846930603904782286659577068546992854475957976608454345014266374498126479335845418930671003198667881656)
                 (\!0 !0 ->
                    !3
                      (multiplyInteger !2 (!4 !5))
                      (multiplyInteger !1 (!4 !5))))
              (\!0 !0 ->
                 (\!0 -> (\!0 -> constr 0 [!2, !1]) (modInteger !2 !6))
                   (modInteger !2 !5)))
           (\!0 -> subtractInteger 0 !1))
        700)
     4002409555221667393417789825735904156556882819939007885332058136124031650490837864442687629129015664037894272559787)
ppowPositive program
  1.1.0
  ((\!0 ->
      case
        (constr 0
           [ (\!0 !0 ->
                case
                  (lessThanEqualsInteger !1 1)
                  [ ((\!0 ->
                        case
                          (remainderInteger !2 2)
                          [ !1
                          , (\!0 !0 !0 ->
                               (\!0 ->
                                  !1
                                    210376779596211732650976195571664894267136748213618989494152113586253566593624531619833961354732667750799666970414
                                    841507118384846930603904782286659577068546992854475957976608454345014266374498126479335845418930671003198667881656)
                                 (\!0 !0 ->
                                    case
                                      (constr 0
                                         [ !5
                                         , !4
                                         , (\!0 !0 ->
                                              !5
                                                (addInteger
                                                   (multiplyInteger !4 !2)
                                                   (multiplyInteger
                                                      !7
                                                      (multiplyInteger !3 !1)))
                                                (addInteger
                                                   (multiplyInteger !4 !1)
                                                   (multiplyInteger !2 !3))) ])
                                      [!6])) ])
                       (\!0 !0 !0 ->
                          case
                            (constr 0
                               [ !5
                               , (quotientInteger !4 2)
                               , !3
                               , !2
                               , (\!0 !0 ->
                                    !3
                                      (addInteger
                                         (multiplyInteger !2 !2)
                                         (multiplyInteger
                                            !5
                                            (multiplyInteger !1 !1)))
                                      (multiplyInteger
                                         2
                                         (multiplyInteger !2 !1))) ])
                            [!5]))
                  , (\!0 !0 !0 ->
                       !1
                         210376779596211732650976195571664894267136748213618989494152113586253566593624531619833961354732667750799666970414
                         841507118384846930603904782286659577068546992854475957976608454345014266374498126479335845418930671003198667881656) ])
           , 70
           , 4002409555221667393417789825735904156556882819939007885332058136124031650490837864442687629129015664037894272559786
           , !1
           , (\!0 !0 ->
                (\!0 -> (\!0 -> constr 0 [!2, !1]) (modInteger !2 !4))
                  (modInteger !2 !3)) ])
        [(\!0 -> !1 !1)])
     4002409555221667393417789825735904156556882819939007885332058136124031650490837864442687629129015664037894272559787)
ppowNatural program
  1.1.0
  ((\!0 ->
      case
        (constr 0
           [ 4002409555221667393417789825735904156556882819939007885332058136124031650490837864442687629129015664037894272559786
           , !1
           , (\!0 !0 ->
                (\!0 -> (\!0 -> constr 0 [!2, !1]) (modInteger !2 !4))
                  (modInteger !2 !3)) ])
        [ (case
             (equalsInteger 70 0)
             [ ((\!0 -> !1 !1)
                  (\!0 !0 ->
                     case
                       (lessThanEqualsInteger !1 1)
                       [ ((\!0 ->
                             case
                               (remainderInteger !2 2)
                               [ !1
                               , (\!0 !0 !0 ->
                                    (\!0 ->
                                       !1
                                         210376779596211732650976195571664894267136748213618989494152113586253566593624531619833961354732667750799666970414
                                         841507118384846930603904782286659577068546992854475957976608454345014266374498126479335845418930671003198667881656)
                                      (\!0 !0 ->
                                         case
                                           (constr 0
                                              [ !5
                                              , !4
                                              , (\!0 !0 ->
                                                   !5
                                                     (addInteger
                                                        (multiplyInteger !4 !2)
                                                        (multiplyInteger
                                                           !7
                                                           (multiplyInteger
                                                              !3
                                                              !1)))
                                                     (addInteger
                                                        (multiplyInteger !4 !1)
                                                        (multiplyInteger
                                                           !2
                                                           !3))) ])
                                           [!6])) ])
                            (\!0 !0 !0 ->
                               case
                                 (constr 0
                                    [ !5
                                    , (quotientInteger !4 2)
                                    , !3
                                    , !2
                                    , (\!0 !0 ->
                                         !3
                                           (addInteger
                                              (multiplyInteger !2 !2)
                                              (multiplyInteger
                                                 !5
                                                 (multiplyInteger !1 !1)))
                                           (multiplyInteger
                                              2
                                              (multiplyInteger !2 !1))) ])
                                 [!5]))
                       , (\!0 !0 !0 ->
                            !1
                              210376779596211732650976195571664894267136748213618989494152113586253566593624531619833961354732667750799666970414
                              841507118384846930603904782286659577068546992854475957976608454345014266374498126479335845418930671003198667881656) ])
                  70)
             , (\!0 !0 !0 -> !1 1 0) ]) ])
     4002409555221667393417789825735904156556882819939007885332058136124031650490837864442687629129015664037894272559787)
pd2Pow positive program
  1.1.0
  ((\!0 ->
      (\!0 ->
         case
           (constr 0
              [ 4002409555221667393417789825735904156556882819939007885332058136124031650490837864442687629129015664037894272559786
              , !2
              , (\!0 !0 ->
                   (\!0 -> (\!0 -> constr 0 [!2, !1]) (modInteger !2 !5))
                     (modInteger !2 !4)) ])
           [ (case
                (lessThanEqualsInteger 70 (!1 1))
                [ (case
                     (equalsInteger 70 0)
                     [ ((\!0 -> !1 !1)
                          (\!0 !0 ->
                             case
                               (lessThanEqualsInteger !1 1)
                               [ ((\!0 ->
                                     case
                                       (remainderInteger !2 2)
                                       [ !1
                                       , (\!0 !0 !0 ->
                                            (\!0 ->
                                               !1
                                                 210376779596211732650976195571664894267136748213618989494152113586253566593624531619833961354732667750799666970414
                                                 841507118384846930603904782286659577068546992854475957976608454345014266374498126479335845418930671003198667881656)
                                              (\!0 !0 ->
                                                 case
                                                   (constr 0
                                                      [ !5
                                                      , !4
                                                      , (\!0 !0 ->
                                                           !5
                                                             (addInteger
                                                                (multiplyInteger
                                                                   !4
                                                                   !2)
                                                                (multiplyInteger
                                                                   !7
                                                                   (multiplyInteger
                                                                      !3
                                                                      !1)))
                                                             (addInteger
                                                                (multiplyInteger
                                                                   !4
                                                                   !1)
                                                                (multiplyInteger
                                                                   !2
                                                                   !3))) ])
                                                   [!6])) ])
                                    (\!0 !0 !0 ->
                                       case
                                         (constr 0
                                            [ !5
                                            , (quotientInteger !4 2)
                                            , !3
                                            , !2
                                            , (\!0 !0 ->
                                                 !3
                                                   (addInteger
                                                      (multiplyInteger !2 !2)
                                                      (multiplyInteger
                                                         !5
                                                         (multiplyInteger
                                                            !1
                                                            !1)))
                                                   (multiplyInteger
                                                      2
                                                      (multiplyInteger
                                                         !2
                                                         !1))) ])
                                         [!5]))
                               , (\!0 !0 !0 ->
                                    !1
                                      210376779596211732650976195571664894267136748213618989494152113586253566593624531619833961354732667750799666970414
                                      841507118384846930603904782286659577068546992854475957976608454345014266374498126479335845418930671003198667881656) ])
                          70)
                     , (\!0 !0 !0 -> !1 1 0) ])
                , (\!0 !0 !0 ->
                     case
                       (constr 0
                          [ (!4 70)
                          , !3
                          , !2
                          , (\!0 !0 ->
                               (\!0 ->
                                  !4
                                    (multiplyInteger !3 !1)
                                    (!7 (multiplyInteger !2 !1)))
                                 (case
                                    (constr 0
                                       [ (subtractInteger
                                            (multiplyInteger !2 !2)
                                            (multiplyInteger
                                               !5
                                               (multiplyInteger !1 !1)))
                                       , (!6 1)
                                       , !4 ])
                                    [expModInteger])) ])
                       [ (\!0 ->
                            case
                              (equalsInteger !1 0)
                              [ ((\!0 -> !1 !1)
                                   (\!0 !0 ->
                                      case
                                        (lessThanEqualsInteger !1 1)
                                        [ ((\!0 ->
                                              case
                                                (remainderInteger !2 2)
                                                [ !1
                                                , (\!0 !0 !0 ->
                                                     (\!0 ->
                                                        !1
                                                          210376779596211732650976195571664894267136748213618989494152113586253566593624531619833961354732667750799666970414
                                                          841507118384846930603904782286659577068546992854475957976608454345014266374498126479335845418930671003198667881656)
                                                       (\!0 !0 ->
                                                          case
                                                            (constr 0
                                                               [ !5
                                                               , !4
                                                               , (\!0 !0 ->
                                                                    !5
                                                                      (addInteger
                                                                         (multiplyInteger
                                                                            !4
                                                                            !2)
                                                                         (multiplyInteger
                                                                            !7
                                                                            (multiplyInteger
                                                                               !3
                                                                               !1)))
                                                                      (addInteger
                                                                         (multiplyInteger
                                                                            !4
                                                                            !1)
                                                                         (multiplyInteger
                                                                            !2
                                                                            !3))) ])
                                                            [!6])) ])
                                             (\!0 !0 !0 ->
                                                case
                                                  (constr 0
                                                     [ !5
                                                     , (quotientInteger !4 2)
                                                     , !3
                                                     , !2
                                                     , (\!0 !0 ->
                                                          !3
                                                            (addInteger
                                                               (multiplyInteger
                                                                  !2
                                                                  !2)
                                                               (multiplyInteger
                                                                  !5
                                                                  (multiplyInteger
                                                                     !1
                                                                     !1)))
                                                            (multiplyInteger
                                                               2
                                                               (multiplyInteger
                                                                  !2
                                                                  !1))) ])
                                                  [!5]))
                                        , (\!0 !0 !0 ->
                                             !1
                                               210376779596211732650976195571664894267136748213618989494152113586253566593624531619833961354732667750799666970414
                                               841507118384846930603904782286659577068546992854475957976608454345014266374498126479335845418930671003198667881656) ])
                                   !1)
                              , (\!0 !0 !0 -> !1 1 0) ]) ]) ]) ])
        (\!0 -> subtractInteger 0 !1))
     4002409555221667393417789825735904156556882819939007885332058136124031650490837864442687629129015664037894272559787)
pd2Pow negative program
  1.1.0
  ((\!0 ->
      (\!0 ->
         case
           (constr 0
              [ 4002409555221667393417789825735904156556882819939007885332058136124031650490837864442687629129015664037894272559786
              , !2
              , (\!0 !0 ->
                   (\!0 -> (\!0 -> constr 0 [!2, !1]) (modInteger !2 !5))
                     (modInteger !2 !4)) ])
           [ (case
                (lessThanEqualsInteger (!1 70) (!1 1))
                [ ((\!0 ->
                      case
                        (equalsInteger !1 0)
                        [ ((\!0 -> !1 !1)
                             (\!0 !0 ->
                                case
                                  (lessThanEqualsInteger !1 1)
                                  [ ((\!0 ->
                                        case
                                          (remainderInteger !2 2)
                                          [ !1
                                          , (\!0 !0 !0 ->
                                               (\!0 ->
                                                  !1
                                                    210376779596211732650976195571664894267136748213618989494152113586253566593624531619833961354732667750799666970414
                                                    841507118384846930603904782286659577068546992854475957976608454345014266374498126479335845418930671003198667881656)
                                                 (\!0 !0 ->
                                                    case
                                                      (constr 0
                                                         [ !5
                                                         , !4
                                                         , (\!0 !0 ->
                                                              !5
                                                                (addInteger
                                                                   (multiplyInteger
                                                                      !4
                                                                      !2)
                                                                   (multiplyInteger
                                                                      !7
                                                                      (multiplyInteger
                                                                         !3
                                                                         !1)))
                                                                (addInteger
                                                                   (multiplyInteger
                                                                      !4
                                                                      !1)
                                                                   (multiplyInteger
                                                                      !2
                                                                      !3))) ])
                                                      [!6])) ])
                                       (\!0 !0 !0 ->
                                          case
                                            (constr 0
                                               [ !5
                                               , (quotientInteger !4 2)
                                               , !3
                                               , !2
                                               , (\!0 !0 ->
                                                    !3
                                                      (addInteger
                                                         (multiplyInteger !2 !2)
                                                         (multiplyInteger
                                                            !5
                                                            (multiplyInteger
                                                               !1
                                                               !1)))
                                                      (multiplyInteger
                                                         2
                                                         (multiplyInteger
                                                            !2
                                                            !1))) ])
                                            [!5]))
                                  , (\!0 !0 !0 ->
                                       !1
                                         210376779596211732650976195571664894267136748213618989494152113586253566593624531619833961354732667750799666970414
                                         841507118384846930603904782286659577068546992854475957976608454345014266374498126479335845418930671003198667881656) ])
                             !1)
                        , (\!0 !0 !0 -> !1 1 0) ])
                     (!1 70))
                , (\!0 !0 !0 ->
                     case
                       (constr 0
                          [ (!4 (!4 70))
                          , !3
                          , !2
                          , (\!0 !0 ->
                               (\!0 ->
                                  !4
                                    (multiplyInteger !3 !1)
                                    (!7 (multiplyInteger !2 !1)))
                                 (case
                                    (constr 0
                                       [ (subtractInteger
                                            (multiplyInteger !2 !2)
                                            (multiplyInteger
                                               !5
                                               (multiplyInteger !1 !1)))
                                       , (!6 1)
                                       , !4 ])
                                    [expModInteger])) ])
                       [ (\!0 ->
                            case
                              (equalsInteger !1 0)
                              [ ((\!0 -> !1 !1)
                                   (\!0 !0 ->
                                      case
                                        (lessThanEqualsInteger !1 1)
                                        [ ((\!0 ->
                                              case
                                                (remainderInteger !2 2)
                                                [ !1
                                                , (\!0 !0 !0 ->
                                                     (\!0 ->
                                                        !1
                                                          210376779596211732650976195571664894267136748213618989494152113586253566593624531619833961354732667750799666970414
                                                          841507118384846930603904782286659577068546992854475957976608454345014266374498126479335845418930671003198667881656)
                                                       (\!0 !0 ->
                                                          case
                                                            (constr 0
                                                               [ !5
                                                               , !4
                                                               , (\!0 !0 ->
                                                                    !5
                                                                      (addInteger
                                                                         (multiplyInteger
                                                                            !4
                                                                            !2)
                                                                         (multiplyInteger
                                                                            !7
                                                                            (multiplyInteger
                                                                               !3
                                                                               !1)))
                                                                      (addInteger
                                                                         (multiplyInteger
                                                                            !4
                                                                            !1)
                                                                         (multiplyInteger
                                                                            !2
                                                                            !3))) ])
                                                            [!6])) ])
                                             (\!0 !0 !0 ->
                                                case
                                                  (constr 0
                                                     [ !5
                                                     , (quotientInteger !4 2)
                                                     , !3
                                                     , !2
                                                     , (\!0 !0 ->
                                                          !3
                                                            (addInteger
                                                               (multiplyInteger
                                                                  !2
                                                                  !2)
                                                               (multiplyInteger
                                                                  !5
                                                                  (multiplyInteger
                                                                     !1
                                                                     !1)))
                                                            (multiplyInteger
                                                               2
                                                               (multiplyInteger
                                                                  !2
                                                                  !1))) ])
                                                  [!5]))
                                        , (\!0 !0 !0 ->
                                             !1
                                               210376779596211732650976195571664894267136748213618989494152113586253566593624531619833961354732667750799666970414
                                               841507118384846930603904782286659577068546992854475957976608454345014266374498126479335845418930671003198667881656) ])
                                   !1)
                              , (\!0 !0 !0 -> !1 1 0) ]) ]) ]) ])
        (\!0 -> subtractInteger 0 !1))
     4002409555221667393417789825735904156556882819939007885332058136124031650490837864442687629129015664037894272559787)
pd2Square program
  1.1.0
  ((\!0 ->
      (\!0 ->
         (\!0 ->
            !1
              210376779596211732650976195571664894267136748213618989494152113586253566593624531619833961354732667750799666970414
              841507118384846930603904782286659577068546992854475957976608454345014266374498126479335845418930671003198667881656)
           (\!0 !0 ->
              !3
                (addInteger
                   (multiplyInteger !2 !2)
                   (multiplyInteger
                      4002409555221667393417789825735904156556882819939007885332058136124031650490837864442687629129015664037894272559786
                      (multiplyInteger !1 !1)))
                (multiplyInteger 2 (multiplyInteger !2 !1))))
        (\!0 !0 ->
           (\!0 -> (\!0 -> constr 0 [!2, !1]) (modInteger !2 !4))
             (modInteger !2 !3)))
     4002409555221667393417789825735904156556882819939007885332058136124031650490837864442687629129015664037894272559787)
pd2Divide program
  1.1.0
  ((\!0 ->
      (\!0 ->
         (\!0 ->
            !1
              210376779596211732650976195571664894267136748213618989494152113586253566593624531619833961354732667750799666970414
              841507118384846930603904782286659577068546992854475957976608454345014266374498126479335845418930671003198667881656)
           (\!0 !0 ->
              (\!0 ->
                 (\!0 ->
                    !1
                      210376779596211732650976195571664894267136748213618989494152113586253566593624531619833961354732667750799666970414
                      841507118384846930603904782286659577068546992854475957976608454345014266374498126479335845418930671003198667881656)
                   (\!0 !0 ->
                      (\!0 ->
                         !1
                           210376779596211732650976195571664894267136748213618989494152113586253566593624531619833961354732667750799666970414
                           841507118384846930603904782286659577068546992854475957976608454345014266374498126479335845418930671003198667881656)
                        (\!0 !0 -> !5 (addInteger !4 !2) (addInteger !3 !1))))
                (\!0 !0 ->
                   (\!0 ->
                      !6
                        (multiplyInteger
                           (subtractInteger
                              (multiplyInteger !5 !3)
                              (multiplyInteger
                                 4002409555221667393417789825735904156556882819939007885332058136124031650490837864442687629129015664037894272559786
                                 (multiplyInteger !2 !4)))
                           !1)
                        (multiplyInteger
                           (subtractInteger
                              (multiplyInteger !3 !4)
                              (multiplyInteger !5 !2))
                           !1))
                     (case
                        (constr 0
                           [ (subtractInteger
                                (multiplyInteger !2 !2)
                                (multiplyInteger
                                   4002409555221667393417789825735904156556882819939007885332058136124031650490837864442687629129015664037894272559786
                                   (multiplyInteger !1 !1)))
                           , (subtractInteger 0 1)
                           , !6 ])
                        [expModInteger]))))
        (\!0 !0 ->
           (\!0 -> (\!0 -> constr 0 [!2, !1]) (modInteger !2 !4))
             (modInteger !2 !3)))
     4002409555221667393417789825735904156556882819939007885332058136124031650490837864442687629129015664037894272559787)
